Results: 0
